[14:07:06] Base bench v0.5 rc=0
[14:07:44] Base bench v1.0 rc=0
[14:07:44] Control train start
[14:57:17] Control train rc=0
[14:57:17] Control checkpoint /home/lukas/IsaacLab/logs/rsl_rl/go2_rescue/2026-09-14_14-07-50_exp_Control/model_8649.pt
[14:57:48] Control bench v0.5 rc=0
[14:58:18] Control bench v1.0 rc=0
[14:58:18] Com train start
[15:47:52] Com train rc=0
[15:47:52] Com checkpoint /home/lukas/IsaacLab/logs/rsl_rl/go2_rescue/2026-09-14_14-58-24_exp_Com/model_8649.pt
[15:48:22] Com bench v0.5 rc=0
[15:48:53] Com bench v1.0 rc=0
[15:48:53] Riser train start
[16:35:56] Riser train rc=0
[16:35:56] Riser checkpoint /home/lukas/IsaacLab/logs/rsl_rl/go2_rescue/2026-09-14_15-48-59_exp_Riser/model_8649.pt
[16:36:26] Riser bench v0.5 rc=0
[16:36:56] Riser bench v1.0 rc=0
[16:36:56] StairFwd train start
[17:25:30] StairFwd train rc=0
[17:25:30] StairFwd checkpoint /home/lukas/IsaacLab/logs/rsl_rl/go2_rescue/2026-09-14_16-37-02_exp_StairFwd/model_8649.pt
[17:25:58] StairFwd bench v0.5 rc=0
[17:26:29] StairFwd bench v1.0 rc=0
[17:26:29] Placement train start
[18:13:02] Placement train rc=0
[18:13:02] Placement checkpoint /home/lukas/IsaacLab/logs/rsl_rl/go2_rescue/2026-09-14_17-26-34_exp_Placement/model_8649.pt
[18:13:31] Placement bench v0.5 rc=0
[18:14:01] Placement bench v1.0 rc=0
[18:14:01] Thigh train start
[19:02:35] Thigh train rc=0
[19:02:35] Thigh checkpoint /home/lukas/IsaacLab/logs/rsl_rl/go2_rescue/2026-09-14_18-14-06_exp_Thigh/model_8649.pt
[19:03:04] Thigh bench v0.5 rc=0
[19:03:34] Thigh bench v1.0 rc=0
[19:03:34] ### QUEUE DONE ###
[19:03:44] PlacementW30 train start
[19:51:18] PlacementW30 train rc=0
[19:51:18] PlacementW30 checkpoint /home/lukas/IsaacLab/logs/rsl_rl/go2_rescue/2026-09-14_19-03-50_exp_PlacementW30/model_8649.pt
[19:51:48] PlacementW30 bench v0.5 rc=0
[19:52:18] PlacementW30 bench v1.0 rc=0
[19:52:18] ### QUEUE3 DONE ###
[19:52:45] Com_s7 train start
[20:40:48] Com_s7 train rc=0
[20:40:48] Com_s7 checkpoint /home/lukas/IsaacLab/logs/rsl_rl/go2_rescue/2026-09-14_19-52-51_exp_Com_s7/model_8649.pt
[20:41:18] Com_s7 bench v0.5 rc=0
[20:41:49] Com_s7 bench v1.0 rc=0
[20:41:49] ### QUEUE4 DONE ###
